**********************
PowerShell transcript start
Start time: 20260122191844
Username: DESKTOP-0PIJ3DT\elega
RunAs User: DESKTOP-0PIJ3DT\elega
Configuration Name: 
Machine: DESKTOP-0PIJ3DT (Microsoft Windows NT 10.0.19045.0)
Host Application: D:\Program Files\PowerShell\7-preview\pwsh.dll
Process ID: 17164
PSVersion: 7.6.0-preview.6
PSEdition: Core
GitCommitId: 7.6.0-preview.6
OS: Microsoft Windows 10.0.19045
Platform: Win32NT
PSCompatibleVersions: 1.0, 2.0, 3.0, 4.0, 5.0, 5.1, 6.0, 7.0
PSRemotingProtocolVersion: 2.4
SerializationVersion: 1.1.0.1
WSManStackVersion: 3.0
**********************
[2026-01-22 19:18:44] [Info] D√©but de l'installation des pr√©requis SUR LECTEUR D:
[2026-01-22 19:18:44] [Info] R√©pertoire du projet: D:\Web3Projects\SmartContractDevPipeline
PS D:\Web3Projects\SmartContractDevPipeline> Set-ExecutionPolicy Bypass -Scope Process -Force
.\install-prerequis.ps1

 + ======================================================================
SMART CONTRACT PIPELINE - INSTALLATION SUR LECTEUR D:
Version: 2.0.0
= * 70

[2026-01-22 19:19:11] [Info] D√©but de l'installation des pr√©requis SUR LECTEUR D:
[2026-01-22 19:19:11] [Info] R√©pertoire du projet: D:\Web3Projects\SmartContractDevPipeline
PS D:\Web3Projects\SmartContractDevPipeline> # 1. Testez juste la fonction Test-DriveSpace
function Test-DriveSpace {
    param([string]$Drive = "D:", [int]$RequiredGB = 20)
    try {
        $driveInfo = Get-PSDrive -Name $Drive.Replace(":", "") -ErrorAction Stop
        $freeGB = [math]::Round($driveInfo.Free / 1GB, 2)
        Write-Host "Lecteur $Drive : $freeGB GB libre" -ForegroundColor Green
        return $true
    } catch {
        Write-Host "Erreur: $_" -ForegroundColor Red
        return $false
    }
}

# Testez-la
Test-DriveSpace -Drive "D:"

# 2. V√©rifiez o√π le script plante
Write-Host "Test 1..." -ForegroundColor Yellow
Start-Sleep -Seconds 1
Write-Host "Test 2..." -ForegroundColor Yellow
Lecteur D: : 400.27 GB libre
True
Test 1...
Test 2...
PS D:\Web3Projects\SmartContractDevPipeline> Set-ExecutionPolicy Bypass -Scope Process -Force
.\install-prerequis.ps1

 + ======================================================================
SMART CONTRACT PIPELINE - INSTALLATION SUR LECTEUR D:
Version: 2.0.0
= * 70

[2026-01-22 19:24:39] [Info] D√©but de l'installation des pr√©requis SUR LECTEUR D:
[2026-01-22 19:24:39] [Info] R√©pertoire du projet: D:\Web3Projects\SmartContractDevPipeline
PS D:\Web3Projects\SmartContractDevPipeline> echo $ENV
PS D:\Web3Projects\SmartContractDevPipeline> $ENV
PS D:\Web3Projects\SmartContractDevPipeline> cat $ENV
>> TerminatingError(Get-Content): "Cannot bind argument to parameter 'Path' because it is null."
Get-Content: Cannot bind argument to parameter 'Path' because it is null.
Get-Content: Cannot bind argument to parameter 'Path' because it is null.
PS D:\Web3Projects\SmartContractDevPipeline> cat $$ENV
Get-Content: Cannot find path 'D:\Web3Projects\SmartContractDevPipeline\$ENVENV' because it does not exist.
Get-Content: Cannot find path 'D:\Web3Projects\SmartContractDevPipeline\$ENVENV' because it does not exist.
PS D:\Web3Projects\SmartContractDevPipeline> $$ENV
At line:1 char:3
+ $$ENV
+   ~~~
Unexpected token 'ENV' in expression or statement.
ParserError: 
Line |
   1 |  $$ENV
     |    ~~~
     | Unexpected token 'ENV' in expression or statement.

PS D:\Web3Projects\SmartContractDevPipeline> $ENV:stdout
PS D:\Web3Projects\SmartContractDevPipeline> $ENV:help
PS D:\Web3Projects\SmartContractDevPipeline> $ENV:-help
At line:1 char:1
+ $ENV:-help
+ ~~~~~
Variable reference is not valid. ':' was not followed by a valid variable name character. Consider using ${} to delimit the name.

At line:1 char:6
+ $ENV:-help
+      ~~~~~
Unexpected token '-help' in expression or statement.
ParserError: 
Line |
   1 |  $ENV:-help
     |  ~~~~~
     | Variable reference is not valid. ':' was not followed by a valid variable name character. Consider using ${} to delimit the name.

PS D:\Web3Projects\SmartContractDevPipeline> $ENV: --help
At line:1 char:1
+ $ENV: --help
+ ~~~~~
Variable reference is not valid. ':' was not followed by a valid variable name character. Consider using ${} to delimit the name.

At line:1 char:9
+ $ENV: --help
+         ~~~~
Unexpected token 'help' in expression or statement.
ParserError: 
Line |
   1 |  $ENV: --help
     |  ~~~~~
     | Variable reference is not valid. ':' was not followed by a valid variable name character. Consider using ${} to delimit the name.

PS D:\Web3Projects\SmartContractDevPipeline> clear
PS D:\Web3Projects\SmartContractDevPipeline> Get-ChildItem Env:

Name                           Value
----                           -----
ALLUSERSPROFILE                C:\ProgramData
APPDATA                        C:\Users\elega\AppData\Roaming
BuildLab                       19041.vb_release.191206-1406
BuildLabEx                     19041.1.amd64fre.vb_release.191206-1406
ChocolateyExitCode             0
ChocolateyInstall              C:\ProgramData\chocolatey
ChocolateyLastPathUpdate       134135733607277659
CommonProgramFiles             C:\Program Files\Common Files
CommonProgramFiles(x86)        C:\Program Files (x86)\Common Files
CommonProgramW6432             C:\Program Files\Common Files
COMPUTERNAME                   DESKTOP-0PIJ3DT
ComSpec                        C:\WINDOWS\system32\cmd.exe
DriverData                     C:\Windows\System32\Drivers\DriverData
FPS_BROWSER_APP_PROFILE_STRING Internet Explorer
FPS_BROWSER_USER_PROFILE_STRI‚Ä¶ Default
GCM_INTERACTIVE                Never
GIT_TERMINAL_PROMPT            0
HOMEDRIVE                      C:
HOMEPATH                       \Users\elega
LOCALAPPDATA                   C:\Users\elega\AppData\Local
LOGONSERVER                    \\DESKTOP-0PIJ3DT
NUMBER_OF_PROCESSORS           6
NVM_HOME                       D:\Users\elega\AppData\Local\nvm
NVM_SYMLINK                    D:\nvm4w\nodejs
OneDrive                       C:\Users\elega\OneDrive
OneDriveConsumer               C:\Users\elega\OneDrive
OS                             Windows_NT
Path                           C:\WINDOWS\system32;C:\WINDOWS;C:\WINDOWS\System32\Wbem;C:\WINDOWS\System32\WindowsPowerShell\v1.0\;C:\W‚Ä¶
PATHEXT                        .COM;.EXE;.BAT;.CMD;.VBS;.VBE;.JS;.JSE;.WSF;.WSH;.MSC;.CPL
PIP_CACHE_DIR                  D:\Temp\pip-cache
PIP_DEFAULT_TIMEOUT            120
POWERSHELL_DISTRIBUTION_CHANN‚Ä¶ MSI:Windows 10 Pro
PROCESSOR_ARCHITECTURE         AMD64
PROCESSOR_IDENTIFIER           Intel64 Family 6 Model 158 Stepping 13, GenuineIntel
PROCESSOR_LEVEL                6
PROCESSOR_REVISION             9e0d
ProgramData                    C:\ProgramData
ProgramFiles                   C:\Program Files
ProgramFiles(x86)              C:\Program Files (x86)
ProgramW6432                   C:\Program Files
PSExecutionPolicyPreference    Bypass
PSModulePath                   C:\Users\elega\OneDrive\Documents\PowerShell\Modules;C:\Program Files\PowerShell\Modules;d:\program file‚Ä¶
PUBLIC                         C:\Users\Public
SystemDrive                    C:
SystemRoot                     C:\WINDOWS
TEMP                           D:\Temp
TMP                            D:\Temp
USERDOMAIN                     DESKTOP-0PIJ3DT
USERDOMAIN_ROAMINGPROFILE      DESKTOP-0PIJ3DT
USERNAME                       elega
USERPROFILE                    C:\Users\elega
windir                         C:\WINDOWS

PS D:\Web3Projects\SmartContractDevPipeline> # 1. V√©rifier Ollama
ollama --version 2>$null
if ($?) { Write-Host "‚úÖ Ollama install√©" -ForegroundColor Green } 
else { Write-Host "‚ùå Ollama non install√©" -ForegroundColor Red }

# 2. V√©rifier l'environnement virtuel
if (Test-Path "venv") { 
    Write-Host "‚úÖ Environnement virtuel pr√©sent" -ForegroundColor Green 
} else { 
    Write-Host "‚ùå Environnement virtuel manquant" -ForegroundColor Red 
}

# 3. V√©rifier les d√©pendances Python
if (Test-Path "requirements.txt") {
    Write-Host "‚úÖ requirements.txt pr√©sent" -ForegroundColor Green
} else {
    Write-Host "‚ùå requirements.txt manquant" -ForegroundColor Red
}

# 4. V√©rifier l'espace sur D:
$drive = Get-PSDrive -Name "D"
$freeGB = [math]::Round($drive.Free / 1GB, 2)
Write-Host "D: a $freeGB GB libre" -ForegroundColor $(if ($freeGB -ge 20) { "Green" } else { "Yellow" })
ollama: 
Line |
   2 |  ollama --version 2>$null
     |  ~~~~~~
     | The term 'ollama' is not recognized as a name of a cmdlet, function, script file, or executable program.
Check the spelling of the name, or if a path was included, verify that the path is correct and try again.
ollama: 
Line |
   2 |  ollama --version 2>$null
     |  ~~~~~~
     | The term 'ollama' is not recognized as a name of a cmdlet, function, script file, or executable program.
Check the spelling of the name, or if a path was included, verify that the path is correct and try again.
‚ùå Ollama non install√©
‚úÖ Environnement virtuel pr√©sent
‚úÖ requirements.txt pr√©sent
D: a 400.27 GB libre
PS D:\Web3Projects\SmartContractDevPipeline> clear
PS D:\Web3Projects\SmartContractDevPipeline> Set-ExecutionPolicy Bypass -Scope Process -Force
.\install-prerequis.ps1

 + ======================================================================
SMART CONTRACT PIPELINE - INSTALLATION SUR LECTEUR D:
Version: 2.0.0
= * 70

[2026-01-22 19:44:03] [Info] D√©but de l'installation des pr√©requis SUR LECTEUR D:
[2026-01-22 19:44:03] [Info] R√©pertoire du projet: D:\Web3Projects\SmartContractDevPipeline
PS D:\Web3Projects\SmartContractDevPipeline> Set-ExecutionPolicy Bypass -Scope Process -Force
.\install-prerequis.ps1
ParserError: D:\Web3Projects\SmartContractDevPipeline\install-prerequis.ps1:1194
Line |
1194 |  }  # Fin de la fonction Main
     |  ~
     | Unexpected token '}' in expression or statement.
ParserError: D:\Web3Projects\SmartContractDevPipeline\install-prerequis.ps1:1194
Line |
1194 |  }  # Fin de la fonction Main
     |  ~
     | Unexpected token '}' in expression or statement.

PS D:\Web3Projects\SmartContractDevPipeline> Set-ExecutionPolicy Bypass -Scope Process -Force
.\install-prerequis.ps1

 + ======================================================================
SMART CONTRACT PIPELINE - INSTALLATION DES PREREQUIS
Version: 2.0.0
= * 70

TEST: D√©but de la fonction Main
Test-Path: D:\Web3Projects\SmartContractDevPipeline\install-prerequis.ps1:1026
Line |
1026 |      if (-not (Test-Path $Config.LogDir)) {
     |                ~~~~~~~~~~~~~~~~~~~~~~~~
     | Value cannot be null. (Parameter 'The provided Path argument was null or an empty collection.')
Test-Path: D:\Web3Projects\SmartContractDevPipeline\install-prerequis.ps1:1026
Line |
1026 |      if (-not (Test-Path $Config.LogDir)) {
     |                ~~~~~~~~~~~~~~~~~~~~~~~~
     | Value cannot be null. (Parameter 'The provided Path argument was null or an empty collection.')

Cr√©ation du dossier logs...
PS D:\Web3Projects\SmartContractDevPipeline> TerminatingError(New-Item): "Cannot bind argument to parameter 'Path' because it is null."
New-Item: D:\Web3Projects\SmartContractDevPipeline\install-prerequis.ps1:1028
Line |
1028 |          New-Item -Path $Config.LogDir -ItemType Directory -Force | Ou ‚Ä¶
     |                         ~~~~~~~~~~~~~~
     | Cannot bind argument to parameter 'Path' because it is null.
New-Item: D:\Web3Projects\SmartContractDevPipeline\install-prerequis.ps1:1028
Line |
1028 |          New-Item -Path $Config.LogDir -ItemType Directory -Force | Ou ‚Ä¶
     |                         ~~~~~~~~~~~~~~
     | Cannot bind argument to parameter 'Path' because it is null.

PS D:\Web3Projects\SmartContractDevPipeline> TerminatingError(Join-Path): "Cannot bind argument to parameter 'Path' because it is null."
Join-Path: D:\Web3Projects\SmartContractDevPipeline\install-prerequis.ps1:1032
Line |
1032 |      $logFile = Join-Path $Config.LogDir "install-$(Get-Date -Format ' ‚Ä¶
     |                           ~~~~~~~~~~~~~~
     | Cannot bind argument to parameter 'Path' because it is null.
Join-Path: D:\Web3Projects\SmartContractDevPipeline\install-prerequis.ps1:1032
Line |
1032 |      $logFile = Join-Path $Config.LogDir "install-$(Get-Date -Format ' ‚Ä¶
     |                           ~~~~~~~~~~~~~~
     | Cannot bind argument to parameter 'Path' because it is null.

Log:
PS D:\Web3Projects\SmartContractDevPipeline> TerminatingError(Start-Transcript): "Cannot validate argument on parameter 'Path'. The argument is null or empty. Provide an argument that is not null or empty, and then try the command again."
Start-Transcript: D:\Web3Projects\SmartContractDevPipeline\install-prerequis.ps1:1034
Line |
1034 |      Start-Transcript -Path $logFile -Append
     |                             ~~~~~~~~
     | Cannot validate argument on parameter 'Path'. The argument is null or empty. Provide an argument that is not null or empty, and then try the command again.
Start-Transcript: D:\Web3Projects\SmartContractDevPipeline\install-prerequis.ps1:1034
Line |
1034 |      Start-Transcript -Path $logFile -Append
     |                             ~~~~~~~~
     | Cannot validate argument on parameter 'Path'. The argument is null or empty. Provide an argument that is not null or empty, and
     | then try the command again.

[2026-01-22 19:50:46] [Info] Debut de l'installation des prerequis
[2026-01-22 19:50:46] [Info] Repertoire du projet:
[2026-01-22 19:50:46] [Info] ETAPE 1: Verification du systeme
[2026-01-22 19:50:46] [Info] ----------------------------------------
[2026-01-22 19:50:46] [Info] Lecteur D: a 400.27 GB libre
[2026-01-22 19:50:46] [Success] [OK] Espace suffisant sur D:
[2026-01-22 19:50:46] [Info] Syst√®me d'exploitation: Microsoft Windows NT 10.0.19045.0
[2026-01-22 19:50:46] [Info] Build Windows: 19045
[2026-01-22 19:50:46] [Success] [OK] Version Windows compatible
[2026-01-22 19:50:46] [Info] 
ETAPE 2: Installation du gestionnaire de packages
[2026-01-22 19:50:46] [Info] ----------------------------------------
[2026-01-22 19:50:46] [Info] V√©rification de Chocolatey...
[2026-01-22 19:50:47] [Success] [OK] Chocolatey d√©j√† install√© (v2.6.0)
[2026-01-22 19:50:47] [Info] 
ETAPE 3: Installation des packages systeme
[2026-01-22 19:50:47] [Info] ----------------------------------------
[2026-01-22 19:50:47] [Info] Installation des packages de base via Chocolatey...
[2026-01-22 19:50:47] [Info] Installation de python311...
[2026-01-22 19:50:48] [Success]  [OK] (d√©j√† install√©)
[2026-01-22 19:50:48] [Info] Installation de nodejs-lts...
[2026-01-22 19:50:49] [Success]  [OK] (d√©j√† install√©)
[2026-01-22 19:50:49] [Info] Installation de git...
[2026-01-22 19:50:50] [Success]  [OK] (d√©j√† install√©)
[2026-01-22 19:50:50] [Info] Installation de docker-desktop...
PS D:\Web3Projects\SmartContractDevPipeline> TerminatingError(): "The pipeline has been stopped."
>> TerminatingError(): "The pipeline has been stopped."

 + ----------------------------------------------------------------------
Log d'installation:

- * 70
PS D:\Web3Projects\SmartContractDevPipeline> TerminatingError(): "The pipeline has been stopped."
>> TerminatingError(): "The pipeline has been stopped."
>> TerminatingError(): "The pipeline has been stopped."
PS D:\Web3Projects\SmartContractDevPipeline> clear
PS D:\Web3Projects\SmartContractDevPipeline> Set-ExecutionPolicy Bypass -Scope Process -Force
.\install-prerequis.ps1

 + ======================================================================
SMART CONTRACT PIPELINE - INSTALLATION
= * 70

Configuration initialis√©e avec succ√®s
  Projet: D:\Web3Projects\SmartContractDevPipeline
  Logs: D:\Web3Projects\SmartContractDevPipeline\logs
  Temp: D:\Temp
[2026-01-22 20:02:00] [Info] D√©but de l'installation
[2026-01-22 20:02:00] [Info] Projet: D:\Web3Projects\SmartContractDevPipeline
[2026-01-22 20:02:00] [Info] √âtape 1: V√©rifications syst√®me
[2026-01-22 20:02:00] [Info] ----------------------------------------
[2026-01-22 20:02:00] [Info] Lecteur D: a 400.27 GB libre
[2026-01-22 20:02:00] [Success] [OK] Espace suffisant sur D:
[2026-01-22 20:02:00] [Info] Syst√®me d'exploitation: Microsoft Windows NT 10.0.19045.0
[2026-01-22 20:02:00] [Info] Build Windows: 19045
[2026-01-22 20:02:00] [Success] [OK] Version Windows compatible
[2026-01-22 20:02:00] [Info] 
√âtape 2: Chocolatey
[2026-01-22 20:02:00] [Info] ----------------------------------------
[2026-01-22 20:02:00] [Info] V√©rification de Chocolatey...
[2026-01-22 20:02:01] [Success] [OK] Chocolatey d√©j√† install√© (v2.6.0)
[2026-01-22 20:02:01] [Info] 
√âtape 3: Packages syst√®me
[2026-01-22 20:02:01] [Info] ----------------------------------------
[2026-01-22 20:02:01] [Info] Installation des packages de base via Chocolatey...
[2026-01-22 20:02:01] [Info] Installation de python311...
[2026-01-22 20:02:02] [Success]  [OK] (d√©j√† install√©)
[2026-01-22 20:02:02] [Info] Installation de nodejs-lts...
[2026-01-22 20:02:03] [Success]  [OK] (d√©j√† install√©)
[2026-01-22 20:02:03] [Info] Installation de git...
[2026-01-22 20:02:04] [Success]  [OK] (d√©j√† install√©)
[2026-01-22 20:02:04] [Info] Installation de docker-desktop...
[2026-01-22 20:02:04] [Success]  [OK] (d√©j√† install√©)
[2026-01-22 20:02:05] [Info] Installation de vscode...
[2026-01-22 20:02:05] [Success]  [OK] (d√©j√† install√©)
[2026-01-22 20:02:05] [Info] Installation de postman...
[2026-01-22 20:02:06] [Success]  [OK] (d√©j√† install√©)
[2026-01-22 20:02:06] [Info] Installation de curl...
[2026-01-22 20:02:07] [Success]  [OK] (d√©j√† install√©)
[2026-01-22 20:02:07] [Info] Installation de 7zip...
[2026-01-22 20:02:08] [Success]  [OK] (d√©j√† install√©)
[2026-01-22 20:02:08] [Info] Installation termin√©e: 8/8 packages install√©s
[2026-01-22 20:02:09] [Info] 
√âtape 4: Python
[2026-01-22 20:02:09] [Info] ----------------------------------------
[2026-01-22 20:02:09] [Info] Configuration de Python...
PS D:\Web3Projects\SmartContractDevPipeline> TerminatingError(): "The pipeline has been stopped."
[2026-01-22 20:02:09] [Success] [OK] Python d√©j√† install√©: Python 3.11.9
[2026-01-22 20:02:09] [Info] Configuration de l'environnement Python...
[2026-01-22 20:02:09] [Info] [OK] Environnement virtuel d√©j√† existant
[2026-01-22 20:02:09] [Success] [OK] Environnement virtuel activ√©
[2026-01-22 20:02:09] [Info] Mise √† jour de pip...
[2026-01-22 20:02:10] [Success] [OK] Pip mis √† jour
[2026-01-22 20:02:10] [Info] Installation des d√©pendances Python...
[2026-01-22 20:02:10] [Info] Installation depuis requirements.txt...
[2026-01-22 20:02:13] [Success] [OK] D√©pendances install√©es
[2026-01-22 20:02:13] [Info] 
√âtape 5: Node.js
[2026-01-22 20:02:13] [Info] ----------------------------------------
[2026-01-22 20:02:13] [Info] Configuration de Node.js...
[2026-01-22 20:02:14] [Success] [OK] Node.js d√©j√† install√©: v22.10.0
[2026-01-22 20:02:14] [Info] 
√âtape 6: Ollama
[2026-01-22 20:02:14] [Info] ----------------------------------------
[2026-01-22 20:02:14] [Info] Installation d'Ollama sur D:...
[2026-01-22 20:02:14] [Info] T√©l√©chargement d'Ollama...
PS D:\Web3Projects\SmartContractDevPipeline> TerminatingError(Invoke-WebRequest): "The process cannot access the file 'D:\Temp\OllamaSetup.exe' because it is being used by another process."
[2026-01-22 20:02:15] [Error] √âchec installation Ollama: The process cannot access the file 'D:\Temp\OllamaSetup.exe' because it is being used by another process.
[2026-01-22 20:02:15] [Warning] Ollama optionnel
[2026-01-22 20:02:15] [Info] 
√âtape 7: Git
[2026-01-22 20:02:15] [Info] ----------------------------------------
[2026-01-22 20:02:15] [Info] Configuration de Git...
[2026-01-22 20:02:15] [Success] [OK] Git d√©j√† install√©: git version 2.52.0.windows.1
[2026-01-22 20:02:15] [Info] 
√âtape 8: Validation
[2026-01-22 20:02:15] [Info] ----------------------------------------
[2026-01-22 20:02:15] [Info] Validation des installations...
[2026-01-22 20:02:15] [Success] [OK] PowerShell
[2026-01-22 20:02:15] [Success] [OK] Python
[2026-01-22 20:02:15] [Success] [OK] Environnement virtuel
[2026-01-22 20:02:15] [Success] [OK] Node.js
[2026-01-22 20:02:15] [Warning] [OPT] Ollama
[2026-01-22 20:02:15] [Success] [OK] Git
[2026-01-22 20:02:15] [Info] 
R√âSUM√â:
[2026-01-22 20:02:15] [Info] ----------------------------------------
[2026-01-22 20:02:15] [Info] 
PROCHAINES √âTAPES:
[2026-01-22 20:02:15] [Info] ----------------------------------------
[2026-01-22 20:02:15] [Info] 1. V√©rifiez l'environnement virtuel
[2026-01-22 20:02:15] [Info] 2. Lancez: python -m workflow.pipeline
[2026-01-22 20:02:15] [Info] 3. Configurez vos cl√©s API
[2026-01-22 20:02:15] [Info] 4. Testez: python agents/architect/main.py
[2026-01-22 20:02:15] [Success] 
Installation termin√©e!

Log: D:\Web3Projects\SmartContractDevPipeline\logs\install-20260122-200200.log
PS D:\Web3Projects\SmartContractDevPipeline>
(venv) clear
PS D:\Web3Projects\SmartContractDevPipeline>
(venv) Set-ExecutionPolicy Bypass -Scope Process -Force
.\install-prerequis.ps1

 + ======================================================================
SMART CONTRACT PIPELINE - INSTALLATION COMPL√àTE
Version: 2.2.0
= *70

Configuration initialis√©e
[20:07:07] ¬ª D√©but installation compl√®te
[20:07:07] ¬ª √âtape 1: V√©rifications syst√®me
[20:07:07] ¬ª D: a 400.27 GB libre
[20:07:07] ¬ª 
√âtape 2: Chocolatey
[20:07:07] ‚úì Chocolatey d√©j√† install√©
[20:07:07] ¬ª 
√âtape 3: Packages syst√®me
[20:07:07] ¬ª Installation packages...
[20:07:07] ¬ª   python311...
[20:07:08] ‚úì  (d√©j√† install√©)
[20:07:08] ¬ª   nodejs-lts...
[20:07:08] ‚úì  (d√©j√† install√©)
[20:07:08] ¬ª   git...
[20:07:09] ‚úì  (d√©j√† install√©)
[20:07:09] ¬ª   vscode...
[20:07:10] ‚úì  (d√©j√† install√©)
[20:07:10] ¬ª   postman...
[20:07:11] ‚úì  (d√©j√† install√©)
[20:07:11] ¬ª   curl...
[20:07:12] ‚úì  (d√©j√† install√©)
[20:07:12] ¬ª   7zip...
[20:07:13] ‚úì  (d√©j√† install√©)
[20:07:13] ¬ª 
√âtape 4: Python
[20:07:14] ‚úì Python: Python 3.11.9
[20:07:14] ¬ª Configuration environnement Python...
[20:07:15] ¬ª Installation d√©pendances...
[20:07:17] ‚úì D√©pendances install√©es
[20:07:17] ¬ª 
√âtape 5: Node.js
[20:07:17] ‚úì Node.js: v22.10.0
[20:07:17] ¬ª 
√âtape 6: Ollama (Agents IA)
[20:07:17] ¬ª Installation Ollama...
[20:07:17] ¬ª Nettoyage fichiers temporaires...
[20:07:19] ¬ª   Fichier supprim√©: D:\Temp\OllamaSetup.exe
[20:07:19] ¬ª T√©l√©chargement Ollama...
[20:24:40] ‚úì T√©l√©chargement r√©ussi (1201.79 MB)
[20:24:40] ¬ª Installation en cours...
(venv) TerminatingError(Start-Process): "A parameter cannot be found that matches parameter name 'PassThrup'."
[20:24:40] ‚úó √âchec installation Ollama: A parameter cannot be found that matches parameter name 'PassThrup'.

 + ============================================================
INSTRUCTIONS MANUELLES POUR OLLAMA
= *60
1. T√©l√©chargez: https://ollama.com/download/OllamaSetup.exe
2. Ex√©cutez l'installateur
3. CHOISISSEZ CE CHEMIN: D:\Ollama
4. Apr√®s installation:
   - Ajoutez au PATH: D:\Ollama
   - Cr√©ez variable: OLLAMA_MODELS=D:\Ollama\Models
5. Red√©marrez PowerShell
6. Testez: ollama --version
= *60
[20:24:40] ‚úó Ollama n√©cessite installation manuelle
[20:24:40] ¬ª 
√âtape 7: Git
[20:24:40] ‚úì Git: git version 2.52.0.windows.1
[20:24:40] ¬ª 
√âtape 8: Validation
[20:24:40] ¬ª Validation finale...
[20:24:40] ‚úì ‚úì Python
[20:24:40] ‚úì ‚úì Environnement
[20:24:40] ‚úì ‚úì Node.js
[20:24:40] ‚úì ‚úì Git
(venv) TerminatingError(Test-Path): "A parameter cannot be found that matches parameter name 'or'."
>> TerminatingError(Test-Path): "A parameter cannot be found that matches parameter name 'or'."
>> TerminatingError(Test-Path): "A parameter cannot be found that matches parameter name 'or'."
[20:24:40] ‚úó ERREUR: A parameter cannot be found that matches parameter name 'or'.

Log: D:\Web3Projects\SmartContractDevPipeline\logs\install-20260122-200707.log
PS D:\Web3Projects\SmartContractDevPipeline>
(venv) clear
PS D:\Web3Projects\SmartContractDevPipeline>
(venv) # Fermez tous les processus Ollama
Get-Process | Where-Object { $_.Name -like "*ollama*" } | Stop-Process -Force -ErrorAction SilentlyContinue

# Relancer
Set-ExecutionPolicy Bypass -Scope Process -Force
.\install-prerequis.ps1

 + ======================================================================
SMART CONTRACT PIPELINE - INSTALLATION COMPL√àTE
Version: 2.2.0
= *70

Configuration initialis√©e
[20:33:23] ¬ª D√©but installation compl√®te
[20:33:23] ¬ª √âtape 1: V√©rifications syst√®me
[20:33:23] ¬ª D: a 400.27 GB libre
[20:33:23] ¬ª 
√âtape 2: Chocolatey
[20:33:23] ‚úì Chocolatey d√©j√† install√©
[20:33:23] ¬ª 
√âtape 3: Packages syst√®me
[20:33:23] ¬ª Installation packages...
[20:33:23] ¬ª   python311...
[20:33:24] ‚úì  (d√©j√† install√©)
[20:33:24] ¬ª   nodejs-lts...
[20:33:25] ‚úì  (d√©j√† install√©)
[20:33:25] ¬ª   git...
[20:33:26] ‚úì  (d√©j√† install√©)
[20:33:26] ¬ª   vscode...
[20:33:27] ‚úì  (d√©j√† install√©)
[20:33:27] ¬ª   postman...
[20:33:28] ‚úì  (d√©j√† install√©)
[20:33:28] ¬ª   curl...
[20:33:29] ‚úì  (d√©j√† install√©)
[20:33:29] ¬ª   7zip...
[20:33:30] ‚úì  (d√©j√† install√©)
[20:33:30] ¬ª 
√âtape 4: Python
[20:33:30] ‚úì Python: Python 3.11.9
[20:33:30] ¬ª Configuration environnement Python...
[20:33:32] ¬ª Installation d√©pendances...
[20:33:34] ‚úì D√©pendances install√©es
[20:33:34] ¬ª 
√âtape 5: Node.js
[20:33:34] ‚úì Node.js: v22.10.0
[20:33:34] ¬ª 
√âtape 6: Ollama (Agents IA)
[20:33:34] ¬ª Installation Ollama...
[20:33:34] ¬ª Nettoyage fichiers temporaires...
[20:33:34] ¬ª T√©l√©chargement Ollama...
[20:52:23] ‚úì T√©l√©chargement r√©ussi (1201.79 MB)
[20:52:23] ¬ª Installation en cours...
[20:53:17] ‚ö† Mode silencieux √©chou√©, lancement interactif...

=== IMPORTANT ===
Dans l'installateur, CHOISISSEZ:
D:\Ollama
Appuyez sur Entr√©e pour ouvrir l'installateur...
(venv) TerminatingError(): "The pipeline has been stopped."
>> TerminatingError(): "The pipeline has been stopped."
>> TerminatingError(): "The pipeline has been stopped."
(venv) TerminatingError(): "The pipeline has been stopped."
>> TerminatingError(): "The pipeline has been stopped."
>> TerminatingError(): "The pipeline has been stopped."
>> TerminatingError(): "The pipeline has been stopped."
PS D:\Web3Projects\SmartContractDevPipeline>
(venv) clear
PS D:\Web3Projects\SmartContractDevPipeline>
(venv) # Fermez tous les processus Ollama
Get-Process | Where-Object { $_.Name -like "*ollama*" } | Stop-Process -Force -ErrorAction SilentlyContinue

# Relancer
Set-ExecutionPolicy Bypass -Scope Process -Force
.\install-prerequis.ps1

 + ======================================================================
SMART CONTRACT PIPELINE - INSTALLATION COMPL√àTE
= *70

‚úÖ Configuration initialis√©e
[20:58:16] ¬ª D√©but installation
[20:58:16] ¬ª √âtape 1: V√©rifications
[20:58:16] ¬ª D: a 400.27 GB libre
[20:58:16] ¬ª 
√âtape 2: Chocolatey
[20:58:16] ‚úì Chocolatey d√©j√† install√©
[20:58:16] ¬ª 
√âtape 3: Packages
[20:58:16] ¬ª Installation packages...
[20:58:16] ¬ª   python311...
[20:58:17] ‚úì  (d√©j√†)
[20:58:17] ¬ª   nodejs-lts...
[20:58:18] ‚úì  (d√©j√†)
[20:58:18] ¬ª   git...
[20:58:19] ‚úì  (d√©j√†)
[20:58:19] ¬ª 
√âtape 4: Python
[20:58:19] ‚úì Python: Python 3.11.9
[20:58:19] ¬ª Configuration environnement Python...
[20:58:21] ¬ª Installation d√©pendances...
[20:58:22] ‚úì D√©pendances install√©es
[20:58:22] ¬ª 
√âtape 5: Node.js
[20:58:22] ‚úì Node.js: v22.10.0
[20:58:23] ¬ª 
√âtape 6: Ollama (INTERACTIF)
[20:58:23] ¬ª Installation Ollama SUR D:...
[20:58:23] ¬ª V√©rification installation existante...
[20:58:23] ¬ª T√©l√©chargement Ollama (1.2GB)...
[21:18:44] ‚úì T√©l√©chargement r√©ussi (1201.79 MB)

 + ======================================================================
‚ö† INSTALLATION OLLAMA - ATTENTION ‚ö†
= *70
L'installateur va s'ouvrir.
VOUS DEVEZ FAIRE 2 CHOSES:
1. CHOISIR CE CHEMIN:
   D:\Ollama
2. D√âCOCHER 'Create Desktop Shortcut' si pr√©sent
3. Cliquer sur Install

L'installateur s'ouvre dans 5 secondes...
[21:19:17] ¬ª Attente installation...
[21:19:32] ‚úó ‚ùå Ollama non d√©tect√© apr√®s installation
[21:19:32] ¬ª 
√âtape 7: Git
[21:19:32] ‚úì Git: git version 2.52.0.windows.1
[21:19:32] ¬ª 
√âtape 8: Validation
[21:19:32] ¬ª Validation...
[21:19:32] ‚úì ‚úì Python
[21:19:32] ‚úì ‚úì Environnement
[21:19:32] ‚úì ‚úì Node.js
[21:19:32] ‚úì ‚úì Git
[21:19:32] ‚ö† ‚úó Ollama

 + ======================================================================
‚úÖ INSTALLATION TERMIN√âE
= *70

Prochaines √©tapes:
1. Testez: python -c 'import web3; print(\ Web3 OK\)'
2. Si Ollama install√©: ollama --version
3. Lancez le pipeline

Log: D:\Web3Projects\SmartContractDevPipeline\logs\install-20260122-205816.log
PS D:\Web3Projects\SmartContractDevPipeline>
(venv) clear
PS D:\Web3Projects\SmartContractDevPipeline>
(venv) # Fermez tous les processus Ollama
Get-Process | Where-Object { $_.Name -like "*ollama*" } | Stop-Process -Force -ErrorAction SilentlyContinue

# Relancer
Set-ExecutionPolicy Bypass -Scope Process -Force
.\install-prerequis.ps1

 + ======================================================================
SMART CONTRACT PIPELINE - INSTALLATION COMPL√àTE
Version: 2.2.0
= *70

Configuration initialis√©e
[09:53:27] ¬ª D√©but installation compl√®te
[09:53:27] ¬ª √âtape 1: V√©rifications syst√®me
[09:53:27] ¬ª D: a 400.27 GB libre
[09:53:27] ¬ª 
√âtape 2: Chocolatey
[09:53:27] ‚úì Chocolatey d√©j√† install√©
[09:53:27] ¬ª 
√âtape 3: Packages syst√®me
[09:53:27] ¬ª Installation packages...
[09:53:27] ¬ª   python311...
[09:53:28] ‚úì  (d√©j√† install√©)
[09:53:28] ¬ª   nodejs-lts...
[09:53:29] ‚úì  (d√©j√† install√©)
[09:53:29] ¬ª   git...
[09:53:30] ‚úì  (d√©j√† install√©)
[09:53:30] ¬ª   vscode...
[09:53:31] ‚úì  (d√©j√† install√©)
[09:53:31] ¬ª   postman...
[09:53:32] ‚úì  (d√©j√† install√©)
[09:53:32] ¬ª   curl...
[09:53:33] ‚úì  (d√©j√† install√©)
[09:53:33] ¬ª   7zip...
[09:53:33] ‚úì  (d√©j√† install√©)
[09:53:34] ¬ª 
√âtape 4: Python
[09:53:34] ‚úì Python: Python 3.11.9
[09:53:34] ¬ª Configuration environnement Python...
[09:53:36] ¬ª Installation d√©pendances...
[09:53:39] ‚úì D√©pendances install√©es
[09:53:39] ¬ª 
√âtape 5: Node.js
[09:53:39] ‚úì Node.js: v22.10.0
[09:53:39] ¬ª 
√âtape 6: Ollama (Agents IA)
[09:53:39] ¬ª Installation Ollama...
[09:53:39] ¬ª Nettoyage fichiers temporaires...
[09:53:39] ¬ª T√©l√©chargement Ollama...
[10:07:51] ‚úì T√©l√©chargement r√©ussi (1201.79 MB)
[10:07:51] ¬ª Installation en cours...
(venv) TerminatingError(Start-Process): "A parameter cannot be found that matches parameter name 'PassThrup'."
[10:07:51] ‚úó √âchec installation Ollama: A parameter cannot be found that matches parameter name 'PassThrup'.

 + ============================================================
INSTRUCTIONS MANUELLES POUR OLLAMA
= *60
1. T√©l√©chargez: https://ollama.com/download/OllamaSetup.exe
2. Ex√©cutez l'installateur
3. CHOISISSEZ CE CHEMIN: D:\Ollama
4. Apr√®s installation:
   - Ajoutez au PATH: D:\Ollama
   - Cr√©ez variable: OLLAMA_MODELS=D:\Ollama\Models
5. Red√©marrez PowerShell
6. Testez: ollama --version
= *60
[10:07:51] ‚úó Ollama n√©cessite installation manuelle
[10:07:51] ¬ª 
√âtape 7: Git
[10:07:51] ‚úì Git: git version 2.52.0.windows.1
[10:07:51] ¬ª 
√âtape 8: Validation
[10:07:51] ¬ª Validation finale...
[10:07:51] ‚úì ‚úì Python
[10:07:51] ‚úì ‚úì Environnement
[10:07:51] ‚úì ‚úì Node.js
[10:07:51] ‚úì ‚úì Git
(venv) TerminatingError(Test-Path): "A parameter cannot be found that matches parameter name 'or'."
>> TerminatingError(Test-Path): "A parameter cannot be found that matches parameter name 'or'."
>> TerminatingError(Test-Path): "A parameter cannot be found that matches parameter name 'or'."
[10:07:51] ‚úó ERREUR: A parameter cannot be found that matches parameter name 'or'.

Log: D:\Web3Projects\SmartContractDevPipeline\logs\install-20260123-095327.log
PS D:\Web3Projects\SmartContractDevPipeline>
(venv) clear
PS D:\Web3Projects\SmartContractDevPipeline>
(venv) # Fermez tous les processus Ollama
Get-Process | Where-Object { $_.Name -like "*ollama*" } | Stop-Process -Force -ErrorAction SilentlyContinue

# Relancer
Set-ExecutionPolicy Bypass -Scope Process -Force
.\install-prerequis.ps1

 + ======================================================================
SMART CONTRACT PIPELINE - INSTALLATION COMPL√àTE
Version: 2.2.0
= *70

Configuration initialis√©e
[10:26:06] ¬ª D√©but installation compl√®te
[10:26:06] ¬ª √âtape 1: V√©rifications syst√®me
[10:26:06] ¬ª D: a 399.1 GB libre
[10:26:06] ¬ª 
√âtape 2: Chocolatey
[10:26:06] ‚úì Chocolatey d√©j√† install√©
[10:26:06] ¬ª 
√âtape 3: Packages syst√®me
[10:26:06] ¬ª Installation packages...
[10:26:06] ¬ª   python311...
[10:26:07] ‚úì  (d√©j√† install√©)
[10:26:07] ¬ª   nodejs-lts...
[10:26:08] ‚úì  (d√©j√† install√©)
[10:26:08] ¬ª   git...
[10:26:09] ‚úì  (d√©j√† install√©)
[10:26:09] ¬ª   vscode...
[10:26:10] ‚úì  (d√©j√† install√©)
[10:26:10] ¬ª   postman...
[10:26:11] ‚úì  (d√©j√† install√©)
[10:26:11] ¬ª   curl...
[10:26:11] ‚úì  (d√©j√† install√©)
[10:26:11] ¬ª   7zip...
[10:26:12] ‚úì  (d√©j√† install√©)
[10:26:13] ¬ª 
√âtape 4: Python
[10:26:13] ‚úì Python: Python 3.11.9
[10:26:13] ¬ª Configuration environnement Python...
[10:26:15] ¬ª Installation d√©pendances...
[10:26:16] ‚úì D√©pendances install√©es
[10:26:16] ¬ª 
√âtape 5: Node.js
[10:26:16] ‚úì Node.js: v22.10.0
[10:26:16] ¬ª 
√âtape 6: Ollama (Agents IA)
[10:26:16] ¬ª Installation Ollama...
[10:26:16] ¬ª Nettoyage fichiers temporaires...
[10:26:16] ¬ª T√©l√©chargement Ollama...
[10:46:17] ‚úì T√©l√©chargement r√©ussi (1201.79 MB)
[10:46:17] ¬ª Installation en cours...
[10:49:58] ‚ö† Installation silencieuse √©chou√©e, mode interactif...

=== IMPORTANT ===
L'installateur Ollama va s'ouvrir.
VOUS DEVEZ CHOISIR: D:\Ollama
Ne laissez pas l'installation sur C:\
Appuyez sur Entr√©e pour continuer...
[10:50:26] ‚úó Ollama n√©cessite installation manuelle
[10:52:35] ¬ª 
√âtape 7: Git
[10:52:35] ‚úì Git: git version 2.52.0.windows.1
[10:52:35] ¬ª 
√âtape 8: Validation
[10:52:35] ¬ª Validation finale...
[10:52:35] ‚úì ‚úì Python
[10:52:35] ‚úì ‚úì Environnement
[10:52:35] ‚úì ‚úì Node.js
[10:52:35] ‚úì ‚úì Git
[10:52:35] ‚ö† ‚úó Ollama

 + ======================================================================
‚úÖ INSTALLATION R√âUSSIE
= *70

Prochaines √©tapes:
1. Environnement virtuel activ√©
2. Testez: python -c 'import web3; print(\ Web3 OK\)'
3. Si Ollama install√©: ollama list
4. Lancez le pipeline: python main.py
[10:52:35] ‚úì Installation termin√©e

Log: D:\Web3Projects\SmartContractDevPipeline\logs\install-20260123-102606.log
PS D:\Web3Projects\SmartContractDevPipeline>
PS D:\Web3Projects\SmartContractDevPipeline>
(venv) .\_ShareSplit1M.ps1
.\_ShareSplit1M.ps1: The term '.\_ShareSplit1M.ps1' is not recognized as a name of a cmdlet, function, script file, or executable program.
Check the spelling of the name, or if a path was included, verify that the path is correct and try again.
.\_ShareSplit1M.ps1: The term '.\_ShareSplit1M.ps1' is not recognized as a name of a cmdlet, function, script file, or executable program.
Check the spelling of the name, or if a path was included, verify that the path is correct and try again.
(venv) CommandInvocation(Get-Command): "Get-Command"
>> ParameterBinding(Get-Command): name="UseFuzzyMatching"; value="True"
>> ParameterBinding(Get-Command): name="FuzzyMinimumDistance"; value="1"
>> ParameterBinding(Get-Command): name="Name"; value=".\_ShareSplit1M.ps1"
>> CommandInvocation(Select-Object): "Select-Object"
>> ParameterBinding(Select-Object): name="First"; value="5"
>> ParameterBinding(Select-Object): name="Unique"; value="True"
>> ParameterBinding(Select-Object): name="ExpandProperty"; value="Name"
PS D:\Web3Projects\SmartContractDevPipeline>
(venv) .\ShareSplit1M.ps1
SHARE SPLIT 1M - SmartContractDevPipeline
= * 60

=== CONFIGURATION GITHUB ===
(venv) TerminatingError(): "The pipeline has been stopped."
>> TerminatingError(): "The pipeline has been stopped."
>> TerminatingError(): "The pipeline has been stopped."
>> TerminatingError(): "The pipeline has been stopped."
PS D:\Web3Projects\SmartContractDevPipeline>
PS D:\Web3Projects\SmartContractDevPipeline>
(venv) .\NewShareSplit1M.ps1

= * 60
SHARE SPLIT 1M - SmartContractDevPipeline
= * 60

=== MENU PRINCIPAL ===
1. Publier sur GitHub Repository
2. Partager sur GitHub Gists
3. G√©n√©rer seulement les fichiers locaux
4. Quitter


=== PUBLICATION GITHUB REPOSITORY ===

V√©rification du r√©pertoire...

=== PUBLICATION SUR GITHUB REPOSITORY ===
V√©rification du r√©pertoire...
 ‚úì
Nettoyage Git...
 ‚úì
‚úì Git d√©j√† initialis√©
Configuration Git...
 ‚úì
Remote: https://github.com/poolsyncdefi-ui/SmartContractDevPipeline
Ajout fichiers...
 ‚úì
Commit...
 ‚úì
Branche...
 ‚úì
Push vers GitHub...
 ‚úì
‚úÖ PUBLICATION R√âUSSIE !
üîó https://github.com/poolsyncdefi-ui/SmartContractDevPipeline

‚úÖ Publication r√©ussie sur GitHub!
Repository: https://github.com/poolsyncdefi-ui/SmartContractDevPipeline

Appuyez sur Entr√©e pour continuer...


= * 60
SHARE SPLIT 1M - SmartContractDevPipeline
= * 60

=== MENU PRINCIPAL ===
1. Publier sur GitHub Repository
2. Partager sur GitHub Gists
3. G√©n√©rer seulement les fichiers locaux
4. Quitter

Au revoir!
PS D:\Web3Projects\SmartContractDevPipeline>
(venv) function Install-Ollama {
    Write-Log "Installation d'Ollama..." -Level Info
    
    # Chemin D: cible
    $ollamaPath = "D:\Ollama"
    $ollamaExe = Join-Path $ollamaPath "ollama.exe"
    
    # V√©rifier si d√©j√† install√© sur D:
    if (Test-Path $ollamaExe) {
        $version = & $ollamaExe --version 2>&1
        Write-Log "[OK] Ollama d√©j√† install√© sur D:: $version" -Level Success
        return $true
    }
    
    # T√©l√©charger
    Write-Log "T√©l√©chargement d'Ollama (1.2GB)..." -Level Info
    
    try {
        $installerPath = Join-Path $Script:Config.TempDir "OllamaSetup.exe"
        
        # Nettoyer l'ancien fichier
        if (Test-Path $installerPath) {
            Remove-Item -Path $installerPath -Force -ErrorAction SilentlyContinue
        }
        
        # T√©l√©charger
        $progressPreference = 'SilentlyContinue'
        Invoke-WebRequest -Uri $Script:Config.Urls.Ollama -OutFile $installerPath -UseBasicParsing
        
        $size = [math]::Round((Get-Item $installerPath).Length/1MB, 2)
        Write-Log "[OK] T√©l√©chargement r√©ussi ($size MB)" -Level Success
        
        # === M√âTHODE D√âFINITIVE : Installation Interactive avec Contr√¥le ===
        
        # 1. Pr√©parer D:\Ollama
        if (-not (Test-Path $ollamaPath)) {
            New-Item -Path $ollamaPath -ItemType Directory -Force | Out-Null
            Write-Log "Dossier pr√©par√©: $ollamaPath" -Level Info
        }
        
        # 2. Instructions CLAIRES
        Write-Host "`n" -ForegroundColor Cyan
        Write-Host "‚îå‚îÄ‚îÄ‚îÄ‚îÄ‚îÄ‚îÄ‚îÄ‚îÄ‚îÄ‚îÄ‚îÄ‚îÄ‚îÄ‚îÄ‚îÄ‚îÄ‚îÄ‚îÄ‚îÄ‚îÄ‚îÄ‚îÄ‚îÄ‚îÄ‚îÄ‚îÄ‚îÄ‚îÄ‚îÄ‚îÄ‚îÄ‚îÄ‚îÄ‚îÄ‚îÄ‚îÄ‚îÄ‚îÄ‚îÄ‚îÄ‚îÄ‚îÄ‚îÄ‚îÄ‚îÄ‚îÄ‚îÄ‚îÄ‚îÄ‚îÄ‚îÄ‚îÄ‚îÄ‚îÄ‚îÄ‚îÄ‚îÄ‚îÄ‚îÄ‚îÄ‚îê" -ForegroundColor Cyan
        Write-Host "‚îÇ                INSTALLATION OLLAMA - IMPORTANT             ‚îÇ" -ForegroundColor Red
        Write-Host "‚îú‚îÄ‚îÄ‚îÄ‚îÄ‚îÄ‚îÄ‚îÄ‚îÄ‚îÄ‚îÄ‚îÄ‚îÄ‚îÄ‚îÄ‚îÄ‚îÄ‚îÄ‚îÄ‚îÄ‚îÄ‚îÄ‚îÄ‚îÄ‚îÄ‚îÄ‚îÄ‚îÄ‚îÄ‚îÄ‚îÄ‚îÄ‚îÄ‚îÄ‚îÄ‚îÄ‚îÄ‚îÄ‚îÄ‚îÄ‚îÄ‚îÄ‚îÄ‚îÄ‚îÄ‚îÄ‚îÄ‚îÄ‚îÄ‚îÄ‚îÄ‚îÄ‚îÄ‚îÄ‚îÄ‚îÄ‚îÄ‚îÄ‚îÄ‚îÄ‚îÄ‚î§" -ForegroundColor Cyan
        Write-Host "‚îÇ L'installateur va s'ouvrir. SUIVEZ CES √âTAPES :           ‚îÇ" -ForegroundColor Yellow
        Write-Host "‚îÇ                                                            ‚îÇ" -ForegroundColor Yellow
        Write-Host "‚îÇ 1. Dans l'installateur, cliquez sur 'Browse...'           ‚îÇ" -ForegroundColor White
        Write-Host "‚îÇ 2. Naviguez vers : D:\                                    ‚îÇ" -ForegroundColor White
        Write-Host "‚îÇ 3. Cliquez sur 'Make New Folder'                          ‚îÇ" -ForegroundColor White
        Write-Host "‚îÇ 4. Nommez le dossier : Ollama                            ‚îÇ" -ForegroundColor White
        Write-Host "‚îÇ 5. S√©lectionnez D:\Ollama                                 ‚îÇ" -ForegroundColor Green
        WriteHost "‚îÇ 6. D√©cochez 'Create Desktop Shortcut' (optionnel)         ‚îÇ" -ForegroundColor White
        Write-Host "‚îÇ 7. Cliquez sur Install                                    ‚îÇ" -ForegroundColor White
        Write-Host "‚îÇ                                                            ‚îÇ" -ForegroundColor Yellow
        Write-Host "‚îÇ ‚ö†  NE LAISSEZ PAS l'installation par d√©faut sur C:\ !     ‚îÇ" -ForegroundColor Red
        Write-Host "‚îî‚îÄ‚îÄ‚îÄ‚îÄ‚îÄ‚îÄ‚îÄ‚îÄ‚îÄ‚îÄ‚îÄ‚îÄ‚îÄ‚îÄ‚îÄ‚îÄ‚îÄ‚îÄ‚îÄ‚îÄ‚îÄ‚îÄ‚îÄ‚îÄ‚îÄ‚îÄ‚îÄ‚îÄ‚îÄ‚îÄ‚îÄ‚îÄ‚îÄ‚îÄ‚îÄ‚îÄ‚îÄ‚îÄ‚îÄ‚îÄ‚îÄ‚îÄ‚îÄ‚îÄ‚îÄ‚îÄ‚îÄ‚îÄ‚îÄ‚îÄ‚îÄ‚îÄ‚îÄ‚îÄ‚îÄ‚îÄ‚îÄ‚îÄ‚îÄ‚îÄ‚îò" -ForegroundColor Cyan
        Write-Host "`n"
        
        # 3. Donner le temps de lire
        Write-Host "L'installateur s'ouvre dans 10 secondes..." -ForegroundColor Yellow
        for ($i = 10; $i -gt 0; $i--) {
            Write-Host "  $i..." -ForegroundColor Gray -NoNewline
            Start-Sleep -Seconds 1
        }
        Write-Host "`n"
        
        # 4. Ouvrir l'installateur
        Write-Log "Ouverture de l'installateur Ollama..." -Level Info
        $process = Start-Process -FilePath $installerPath -Wait -PassThru
        
        # 5. Attendre et v√©rifier
        Write-Log "Attente de l'installation..." -Level Info
        Start-Sleep -Seconds 20
        
        # 6. V√©rifier l'installation sur D:
        if (Test-Path $ollamaExe) {
            Write-Log "[OK] Ollama install√© sur D:" -Level Success
            
            # Configurer le PATH
            $env:Path += ";$ollamaPath"
            [Environment]::SetEnvironmentVariable("Path", $env:Path, [EnvironmentVariableTarget]::Machine)
            
            # Configurer les mod√®les sur D:
            $modelsPath = "D:\Ollama\Models"
            if (-not (Test-Path $modelsPath)) {
                New-Item -Path $modelsPath -ItemType Directory -Force | Out-Null
            }
            
            [Environment]::SetEnvironmentVariable("OLLAMA_MODELS", $modelsPath, [EnvironmentVariableTarget]::User)
            [Environment]::SetEnvironmentVariable("OLLAMA_MODELS", $modelsPath, [EnvironmentVariableTarget]::Machine)
            $env:OLLAMA_MODELS = $modelsPath
            
            Write-Log "Dossier des mod√®les configur√©: $modelsPath" -Level Success
            
            # D√©marrer le service
            Write-Log "D√©marrage du service Ollama..." -Level Info
            Start-Process $ollamaExe -ArgumentList "serve" -WindowStyle Hidden
            Start-Sleep -Seconds 10
            
            # T√©l√©charger les mod√®les
            Write-Log "T√©l√©chargement des mod√®les IA..." -Level Info
            
            foreach ($model in $Script:Config.OllamaModels) {
                try {
                    Write-Log "  T√©l√©chargement de $model..." -Level Info -NoNewLine
                    & $ollamaExe pull $model 2>&1 | Out-Null
                    Write-Log " [OK]" -Level Success
                } catch {
                    Write-Log " [ECHEC]" -Level Warning
                }
            }
            
            Write-Log "[OK] Ollama install√© et configur√© sur D:" -Level Success
            return $true
            
        } else {
            # V√©rifier si install√© sur C: par erreur
            $ollamaC = Get-Command ollama -ErrorAction SilentlyContinue
            if ($ollamaC) {
                Write-Log "[ERREUR] Ollama install√© sur C: au lieu de D:" -Level Error
                Write-Host "`n‚ö† PROBLEME DETECTE : Ollama est install√© sur C:\" -ForegroundColor Red
                Write-Host "Pour corriger :" -ForegroundColor Yellow
                Write-Host "1. D√©sinstallez Ollama depuis le Panneau de configuration" -ForegroundColor White
                Write-Host "2. Relancez ce script" -ForegroundColor White
                Write-Host "3. Cette fois, CHOISISSEZ D:\Ollama dans l'installateur" -ForegroundColor White
            } else {
                Write-Log "[ERREUR] Ollama non install√©" -Level Error
            }
            
            return $false
        }
        
    } catch {
        Write-Log "√âchec de l'installation d'Ollama: $_" -Level Error
        
        # Instructions de secours
        Write-Host "`n" + ("="*60) -ForegroundColor Yellow
        Write-Host "INSTRUCTIONS MANUELLES" -ForegroundColor Yellow
        Write-Host "="*60 -ForegroundColor Yellow
        Write-Host "1. Ouvrez : https://ollama.com/download/OllamaSetup.exe" -ForegroundColor White
        Write-Host "2. Enregistrez le fichier dans : D:\Temp\" -ForegroundColor White
        Write-Host "3. Ex√©cutez l'installateur" -ForegroundColor White
        Write-Host "4. IMPORTANT : Choisissez D:\Ollama comme chemin" -ForegroundColor Green
        Write-Host "5. Apr√®s installation, testez : ollama --version" -ForegroundColor White
        Write-Host "="*60 -ForegroundColor Yellow
        
        return $false
    }
}
PS D:\Web3Projects\SmartContractDevPipeline>
(venv) Set-ExecutionPolicy Bypass -Scope Process -Force
.\new_install-prerequis.ps1

 + ======================================================================
SMART CONTRACT PIPELINE - INSTALLATION COMPL√àTE
Version: 2.2.0
= *70

Configuration initialis√©e
[13:51:23] ¬ª D√©but installation compl√®te
[13:51:23] ¬ª √âtape 1: V√©rifications syst√®me
[13:51:23] ¬ª D: a 400.1 GB libre
[13:51:23] ¬ª 
√âtape 2: Chocolatey
[13:51:23] ‚úì Chocolatey d√©j√† install√©
[13:51:23] ¬ª 
√âtape 3: Packages syst√®me
[13:51:23] ¬ª Installation packages...
[13:51:23] ¬ª   python311...
[13:51:24] ‚úì  (d√©j√† install√©)
[13:51:24] ¬ª   nodejs-lts...
[13:51:25] ‚úì  (d√©j√† install√©)
[13:51:25] ¬ª   git...
[13:51:26] ‚úì  (d√©j√† install√©)
[13:51:26] ¬ª   vscode...
[13:51:26] ‚úì  (d√©j√† install√©)
[13:51:26] ¬ª   postman...
[13:51:27] ‚úì  (d√©j√† install√©)
[13:51:27] ¬ª   curl...
[13:51:28] ‚úì  (d√©j√† install√©)
[13:51:28] ¬ª   7zip...
[13:51:29] ‚úì  (d√©j√† install√©)
[13:51:30] ¬ª 
√âtape 4: Python
[13:51:30] ‚úì Python: Python 3.11.9
[13:51:30] ¬ª Configuration environnement Python...
[13:51:31] ¬ª Installation d√©pendances...
[13:51:33] ‚úì D√©pendances install√©es
[13:51:33] ¬ª 
√âtape 5: Node.js
[13:51:33] ‚úì Node.js: v22.10.0
[13:51:33] ¬ª 
√âtape 6: Ollama (Agents IA)
[13:51:33] ¬ª Installation d'Ollama...
[13:51:33] ¬ª T√©l√©chargement d'Ollama (1.2GB)...
(venv) TerminatingError(Join-Path): "Cannot bind argument to parameter 'Path' because it is null."
[13:51:33] ‚úó √âchec de l'installation d'Ollama: Cannot bind argument to parameter 'Path' because it is null.

 + ============================================================
INSTRUCTIONS MANUELLES
= *60
1. Ouvrez : https://ollama.com/download/OllamaSetup.exe
2. Enregistrez le fichier dans : D:\Temp\
3. Ex√©cutez l'installateur
4. IMPORTANT : Choisissez D:\Ollama comme chemin
5. Apr√®s installation, testez : ollama --version
= *60
[13:51:33] ‚úó Ollama n√©cessite installation manuelle
[13:51:33] ¬ª 
√âtape 7: Git
[13:51:33] ‚úì Git: git version 2.52.0.windows.1
[13:51:33] ¬ª 
√âtape 8: Validation
[13:51:33] ¬ª Validation finale...
[13:51:33] ‚úì ‚úì Python
[13:51:33] ‚úì ‚úì Environnement
[13:51:34] ‚úì ‚úì Node.js
[13:51:34] ‚úì ‚úì Git
[13:51:34] ‚ö† ‚úó Ollama

 + ======================================================================
‚úÖ INSTALLATION R√âUSSIE
= *70

Prochaines √©tapes:
1. Environnement virtuel activ√©
2. Testez: python -c 'import web3; print(\ Web3 OK\)'
3. Si Ollama install√©: ollama list
4. Lancez le pipeline: python main.py
[13:51:34] ‚úì Installation termin√©e

Log: D:\Web3Projects\SmartContractDevPipeline\logs\install-20260123-135123.log
PS D:\Web3Projects\SmartContractDevPipeline>
(venv) $installer = "D:\Temp\OllamaSetup-NEW.exe"
Invoke-WebRequest -Uri "https://ollama.com/download/OllamaSetup.exe" -OutFile $installer
Start-Process -FilePath $installer
PS D:\Web3Projects\SmartContractDevPipeline>
(venv) Set-ExecutionPolicy Bypass -Scope Process -Force
.\verifier-installation.ps1

 + = *70
V√âRIFICATION DE L'ENVIRONNEMENT SMART CONTRACT PIPELINE
= *70

1. PYTHON ET ENVIRONNEMENT VIRTUEL
--------------------------------------------------
  ‚úÖ Python: Python 3.11.9
  ‚úÖ Environnement virtuel pr√©sent
  ‚úÖ Environnement activ√©
  ‚úÖ Pip dans venv: 25.3

2. D√âPENDANCES PYTHON
--------------------------------------------------
  ‚úÖ fastapi : 0.128.0
  ‚úÖ uvicorn : 0.40.0
  ‚úÖ web3 : 7.14.0
  ‚úÖ pydantic : 2.12.5
  ‚úÖ langchain : 1.2.6
  ‚úÖ ollama : Traceback (most recent call last):   File "<string>", line 1, in <module> AttributeError: module 'ollama' has no attribute '__version__'
  ‚úÖ requests : 2.32.5

3. OLLAMA ET MOD√àLES IA
--------------------------------------------------
  ‚ùå Ollama: Commande non trouv√©e
     Installez-le depuis: https://ollama.com

4. NODE.JS ET NPM
--------------------------------------------------
  ‚úÖ Node.js: v22.10.0
  ‚úÖ NPM: v10.9.0

5. GIT
--------------------------------------------------
  ‚úÖ Git: 2.52.0.windows.1
  üë§ Utilisateur: poolsync.defi
  üìß Email: poolsync.defi@gmail.com

6. STRUCTURE DU PROJET
--------------------------------------------------
  ‚úÖ agents/
  ‚ùå workflow/ (manquant)
  ‚úÖ storage/
  ‚úÖ monitoring/
  ‚úÖ learning/
  4/5 dossiers pr√©sents

7. TEST WEB3 (Smart Contracts)
--------------------------------------------------
  Traceback (most recent call last):   File "<string>", line 10, in <module>   File "C:\Users\elega\AppData\Local\Programs\Python\Python311\Lib\encodings\cp1252.py", line 19, in encode     return codecs.charmap_encode(input,self.errors,encoding_table)[0]            ^^^^^^^^^^^^^^^^^^^^^^^^^^^^^^^^^^^^^^^^^^^^^^^^^^^^^^^ UnicodeEncodeError: 'charmap' codec can't encode character '\u2705' in position 0: character maps to <undefined>  During handling of the above exception, another exception occurred:  Traceback (most recent call last):   File "<string>", line 15, in <module>   File "C:\Users\elega\AppData\Local\Programs\Python\Python311\Lib\encodings\cp1252.py", line 19, in encode     return codecs.charmap_encode(input,self.errors,encoding_table)[0]            ^^^^^^^^^^^^^^^^^^^^^^^^^^^^^^^^^^^^^^^^^^^^^^^^^^^^^^^ UnicodeEncodeError: 'charmap' codec can't encode character '\u274c' in position 0: character maps to <undefined>

8. TEST AGENTS IA
--------------------------------------------------
  ‚ö† Ollama requis pour les agents IA

 + = *70
R√âSUM√â DE L'INSTALLATION
= *70
  ‚úÖ Python 3.8+
  ‚úÖ Environnement virtuel
  ‚ùå Web3.py
  ‚ùå FastAPI
  ‚ùå Ollama
  ‚úÖ Node.js
  ‚úÖ Git

  4/7 tests pass√©s

 + = *70
RECOMMANDATIONS
= *70
‚ö† ENVIRONNEMENT INCOMPLET

‚Ä¢ Ollama manquant:
  T√©l√©chargez depuis: https://ollama.com
  Choisissez D:\Ollama comme chemin d'installation

 + = *70
PS D:\Web3Projects\SmartContractDevPipeline>
PS D:\Web3Projects\SmartContractDevPipeline>
PS D:\Web3Projects\SmartContractDevPipeline>
PS D:\Web3Projects\SmartContractDevPipeline>
(venv) # install-ollama-definitif.ps1
Write-Host "=== INSTALLATION OLLAMA SUR D: ===" -ForegroundColor Cyan

# 1. T√©l√©charger
$installer = "D:\Temp\OllamaInstaller.exe"
Write-Host "1. T√©l√©chargement..." -ForegroundColor Yellow
Invoke-WebRequest -Uri "https://ollama.com/download/OllamaSetup.exe" -OutFile $installer -UseBasicParsing

# 2. Instructions CLAIRES
Write-Host "`n2. IMPORTANT - LISEZ ATTENTIVEMENT:" -ForegroundColor Red
Write-Host "   L'installateur va s'ouvrir." -ForegroundColor Yellow
Write-Host "   VOUS DEVEZ:" -ForegroundColor White
Write-Host "   a) Cliquer sur 'Browse...'" -ForegroundColor White
Write-Host "   b) Aller dans D:\" -ForegroundColor White
Write-Host "   c) Cr√©er dossier 'Ollama'" -ForegroundColor White
Write-Host "   d) S√©lectionner D:\Ollama" -ForegroundColor Green
Write-Host "   e) Cliquer Install" -ForegroundColor White
Write-Host "`nAppuyez sur Entr√©e pour ouvrir l'installateur..." -ForegroundColor Yellow
Pause

# 3. Ouvrir l'installateur
Start-Process -FilePath $installer -Wait

# 4. V√©rifier
Write-Host "`n3. V√©rification..." -ForegroundColor Yellow
Start-Sleep -Seconds 10

if (Test-Path "D:\Ollama\ollama.exe") {
    Write-Host "‚úÖ Ollama install√© sur D:" -ForegroundColor Green
    
    # Ajouter au PATH
    $env:Path += ";D:\Ollama"
    
    # Test
    ollama --version
} else {
    Write-Host "‚ùå Ollama non trouv√© sur D:" -ForegroundColor Red
    Write-Host "Il est probablement sur C:\" -ForegroundColor Yellow
}
=== INSTALLATION OLLAMA SUR D: ===
1. T√©l√©chargement...

2. IMPORTANT - LISEZ ATTENTIVEMENT:
   L'installateur va s'ouvrir.
   VOUS DEVEZ:
   a) Cliquer sur 'Browse...'
   b) Aller dans D:\
   c) Cr√©er dossier 'Ollama'
   d) S√©lectionner D:\Ollama
   e) Cliquer Install

Appuyez sur Entr√©e pour ouvrir l'installateur...

3. V√©rification...
(venv) TerminatingError(): "The pipeline has been stopped."
>> TerminatingError(): "The pipeline has been stopped."
PS D:\Web3Projects\SmartContractDevPipeline>
(venv) # install-ollama-definitif.ps1
Write-Host "=== INSTALLATION OLLAMA SUR D: ===" -ForegroundColor Cyan

# 1. T√©l√©charger
$installer = "D:\Temp\OllamaInstaller.exe"
Write-Host "1. T√©l√©chargement..." -ForegroundColor Yellow
Invoke-WebRequest -Uri "https://ollama.com/download/OllamaSetup.exe" -OutFile $installer -UseBasicParsing

# 2. Instructions CLAIRES
Write-Host "`n2. IMPORTANT - LISEZ ATTENTIVEMENT:" -ForegroundColor Red
Write-Host "   L'installateur va s'ouvrir." -ForegroundColor Yellow
Write-Host "   VOUS DEVEZ:" -ForegroundColor White
Write-Host "   a) Cliquer sur 'Browse...'" -ForegroundColor White
Write-Host "   b) Aller dans D:\" -ForegroundColor White
Write-Host "   c) Cr√©er dossier 'Ollama'" -ForegroundColor White
Write-Host "   d) S√©lectionner D:\Ollama" -ForegroundColor Green
Write-Host "   e) Cliquer Install" -ForegroundColor White
Write-Host "`nAppuyez sur Entr√©e pour ouvrir l'installateur..." -ForegroundColor Yellow
Pause

# 3. Ouvrir l'installateur
Start-Process -FilePath $installer -Wait

# 4. V√©rifier
Write-Host "`n3. V√©rification..." -ForegroundColor Yellow
Start-Sleep -Seconds 10

if (Test-Path "D:\Ollama\ollama.exe") {
    Write-Host "‚úÖ Ollama install√© sur D:" -ForegroundColor Green
    
    # Ajouter au PATH
    $env:Path += ";D:\Ollama"
    
    # Test
    ollama --version
} else {
    Write-Host "‚ùå Ollama non trouv√© sur D:" -ForegroundColor Red
    Write-Host "Il est probablement sur C:\" -ForegroundColor Yellow
}
=== INSTALLATION OLLAMA SUR D: ===
1. T√©l√©chargement...
(venv) TerminatingError(): "The pipeline has been stopped."
>> TerminatingError(): "The pipeline has been stopped."
PS D:\Web3Projects\SmartContractDevPipeline>
